124 198
xJVEnkrrww1QjbsACS8u1G9mOVT3REU4RMxOnc2LAdLR1o_uToJbvcHtqwDTnxopsfsXShqAH3cTH8Joxm3lANQrnHSlMqrh7pn7saYnYK0mYQcayAAk9qHSKfQinFk3RftznGcYVc0VbFRBSQsZJ0cNpgW_K6xX1wFJzTC2OQkIVjpYw2h7qJQVUFJ2P31IMtcrPO
2aduSLb6WSehMowHKKGLtVbbSxojVhtf7fUHkZzoXJDYEAAOcPsuDlon4yvFe5zODfLWdiaB1fAeiaz9EexNLl9bKfWbV42DDVnCUyKbmoYPBp6nTbUouo9lESc5BJBrZec3qC4fxPFCjLcz2ExbNbDlFkVpSChIpjq9E9fOrJhjlvkF7QkYc6ysTUztdVDoHhvYlK
Zjj3RIdwAazjRuxucsQcjgPyIReLaKv1HBZ0bGMgo9TINz3MYwMI0d_OSq8ngf7_yXH3Yducw65nmj2XWLDrWjP0Tm5axOrjdOKLfLou9AwMGUEm8zc2Yk6AgZIjIEPC0JjAd7OzJNdPCOgD2ovrn6hWLpSoS2fXOkvBdimebi2_Exg8Y9ptKFpeDADnVNEyRDDJXo
L71826wVcOHHXffXdDYtpdR2aMgW8CNJWFmIUKXboiOhnMZtnOn52j8VewUfWnsDAQoWAy6YHdLqtG7sWd0LPPwcggkbRSFYUcAD0KUpeaO2MSXxDpl8TJgep98qhUAQsVkBzX_q9Qy_cx3_XdWlZFZs3BmIV1df7Z5Ns3yMYANZLHsi4b8I1iZHFoVsOXORfxT7d2
WXufOJMbEnD3M2kzAVoImYTkdWdLB4QXujk1eXae8fGDfxjM5owiDfSrUeGQ_52cepxzAT9DYusjYtw5PgQ_OZAOh9CeXlvqeTFtEW_ncsxnr85XS6xp4mo0QlCaDyS9L0ZwwgOQ1pT1_XXPUU2oxBP1AzmClSuu1JgfERP_xeBtY8uth7JGaGWlI9XxQqKY4FQBtb
qpYO_KQX72LfxgjaqEQoiTGkZgLToVqfMys1z7HfpAMxiRkBgpOFukiOGf7qRLIwTx8hpkobeo0s8R2GvuFRhk0hH7UcUiZITIWJn6j7XpBJN83wg2wCE1p8R5DhTZERlXiKHolaSvlU2r9qVr4sjpuaTEoPoZQfGPtzyaflXQJ67P1ibNvvOF83ddGVRj5m7HNZrG
0Xflu9iZZogkwPkEo1QCqnz_TszdqXXM3cJUmyTSHsFITwotJGe3sFqn9rwIsWxeJk5yPHno7XGyHVgIfKUfj70BUe_JTeJ_NjLaUquon8IfWOUc7QszRjbx5x9dJeAoKILCz05OfXIXSvU9VrKlBUHPKZT70XmEY8reqJOgk_eFHYQBiSvvkd4vukIOKDVnXWnS5c
y29jmOJQBEsA1_iZhPAayKX77lWYnc0xIKoqIiJB79zdg6SKgfbzXOgkiqOmo9hD87jyTllyzGJZVU3JvQzgoW5CqBqtNVP6fLJB1hYO_ojl3sdznlPxz1AC3L2wt9w6qCOEw_VslyVHvznL1KDP_vjJeY1McFaCbxARcXQ3tDfKAdGhlvcxXUkxvZprMs8BucJc15
9u5jDJGmHApBJ6GbbIDWkUFHAdTFILp8AmNpDLDYMY8ZnlrCyZE83y_0M811XSz2jNKPl98Mjc6qrscT35gPDOXbvqjPWmPaoNDL3GpbEIHD88sCgrwna8kXcfTHI39bUvmzRNbaxSpnQ9_cTBtK8RUp10WlUJpYqugMo97Y3yYQkjyORkANCk6ZJzdmsTz5qbb_eA
6Me7lhalLUIZzHDzi87dGF5JV11p6ruwDG72V2w_ADt95SyKcuZ5A7gMw4wTLlnkowYRdV99OJtF9STsSof8Jijrbh1eskMt1VWH1kMDgN87vSwE6M6a6V5UHsqoonlh63IedgH4_YoUGWuygEF2iasucsiFOfizVLCfxboNZ_22UOCKKQyhn4KmsYFAPoRtYtXBtS
O1G8bLA4KE7oOxQBGJJkFlw6xqjhiMIoXQjFOZ6qdkflsAWJVXILQehVSGM5JYejId3aSJ1cdXVU2VZcgcUrOj849eMIEwx6FLI_SgFyuZcMDgYTy7JMX6x3zjppKPypnjysjTdARs8LXZCA1gUTmZF49D_9Y1gXeNkFrwYZ8cu3ZL1W83N3w4MmBYuAfKlCHTTRlc
UdX2uUh6TtzZ23aHlzJFpincDWJtpTyF95tdbpymgg0CyzczF3YC0y9KmPmX0xs2ua2sOjLzxyFvTNvCinNSyGHJmI84DjcofkecNdXSGxtlB9AM9GdOLq2_qszfzM9jxTER6NkcU84SuQyVkrZW7COmF4xWq96UJZRrmfGttJJsqvcY315lr4yAeZgDrOXyNhqlt6
gqzUdHbp2YBVkaHqi0BPJya3Pf6RbCyMJ3hkJ_zttayYNXqgzVC8ijCsAJ41LdkmWeKRTaajLtVOttwezcxZ8Ky4viEAn5hKmQX8vfzzZsR8_cvOldIqeltfwS0lddnhJkjV7Q7z9NXpopxgB3KjCi1bkmqBtnJqo2JUvIyL8kBVu_rNIPWRwpZhRswZ6tUEioUHg7
Bi5oB_JQielTVCdzfAOncKgToQKkGrLU_U1Duq5qhGBy6sbqneO35RHwyrCFulqxn6iNdIRfrgMfMSYUPiKPPPNeEKnST9obnDjxw4eOWz9655nYGP27K0GHs4uje8vghWzQaNVx_pWwcC679FOYbS3lPqTxEz7vumbAstf1utxL5aqFAfTMc8gBN4aZwpuTzw32Gl
XbxFPCqNbtDJ6c6X_z0ZaZEn_Q4G_uIWkSjtwraeRfH0S72hLPXSJUIS4YTDekcdr2nfxmvmnUI4D8mzicQn80kJZFR24lMtqmh8G64TBMPJV6Dt54FnaAllRdUOjDUsL0L93NrJqVhubIpbqtMhKyZo0eKmZDgYdNqWHvVd96NKIiNbZ2tDgAFMRcjTmrtvO3plUk
8BvQCyka4iiH2Ko8cfdYqoxWzNSOEbz5f87SHs2vbr_BBHaCfNu2VDa9iJhYKMtMg_kCERnkZTOQTZ6rTlOXlHugYyEhA9UR5zTlYmXPByRtK0XVUTGJMr3g2E9nouBVM6es_LvxzuvetwTmpftwcRZDftVzWsgZSklRnv2TEimPqIHS5DfbkxrYXsnEoQZA5lhMTU
NyL90GgP2cObDtq2gcYw1Yqr7SnnoVxpWfN3f4TxdrxeenngQMC990C7jHHEUdRL8rfVoj4BRAYQU1MWLjQK8ID3iW6lGbGDKip9NnwO3Ns3r8GC4LFDiUXXYouAct8Pg58NUb54cTYIA1MvpxT8U37ZhEsNNi0A2x_Gw_drRn35W3PBSYNWUGU0TEiq43D6JUFRdJ
m_PqlSx3bKAJ1dM_gwckIYrUdY_SiOe2_rMBgnFua4_KOGM28a_1aSkrf9EKZI6OoEOvZw2OQjHMyVPg99oMwCdIEa0dIwB6UZid564gPCv0J5vgDRwBiytmCxoecfnzyIWMnehjvL7PdePpTHR1Gv_0kP2HRXUCVWf095FcmGMGze7uzTBbTbcwgwhOAFKmtq74gD
_sE70bmKHfM_aRiH7aBC4qjDn7TJWnQf24cHMBOGvWdBpRqeljDw2WphXSRFR7ZRc3zgBV4V6getOZzcA7IAok4YmLq9wfYTi1lh4WhOTraZ9SosJo899kxHfrIUs0Qy03xZEPY8dz5JighLLcjWlMb05o4asHg4XkCSEW8z1lnfdQHYDpNSjKHBMkt8MRU5K1I8eb
GV3jk0Sq8jbTG63C0v_oAoEejHQYEwMn_pJshQ8UZDj9pbx4t0p9TFYlfwuJRmXyqjlkC4L5fuAq7twD9cbxBkHo5Aoao0lrEUt9H__R_KBIWpS11SRMzzNHqJwrxo5tkrnbUkhbtw_halH8hJ_W35vP9uKQOihjltwUeP5Ny5BfJ0dPdd2jMplAizwETv4WQz42Pa
d91JILjnpBye0UXvDLLPMEILU2zz8VygvCQp_EYfs2o2xHw_83o8vOLE2V4L09p84uNeCNHd6ekuNZ3OkpCjwXs3hsF4TGb6jETXFfFfYIq0Zs2Bqys4pqBvp4AnVE2bc38zz825OYZbigK3PqmdOI5tt4RNnqvcNgJ5JRSn35hUWn9636NEL7uTIE7cH10KpkMwNs
p0rnlwLZ_cVdQugewyEDv_5i5F4WmtoP4b9sjpnDOx7snZPZJGmKU4kT9tFJJjcJUFHIcaVzAEZ2acmJnPXFf_MQbKMCmIKW_N4GBOxZ6AwypZ4Akc2crDZtsOYS5VeRf0oc1eDvkD5ngSIjTN1nmlonwhf1IHPJcH6ziSkyQ6VFG_9JHVvDBqCqH1hZvzA2Jmvr66
kUZU5GBGuU9Pg494gMaOj8zJttjgExxzFw4LSIvPZ_ILn2XsmspEJe5RIjwKhtTuz6Ew4dljkNr6DRYsTiZlMtURmHTH7zsLUujbYd5SheL7rDrsxgB5JXiCgsPBfNzVSAgTEXNZGmDpNFSRt30gDSoMaNY_scdfESfNNHA1ZuXG9qwPudPMOHB7Kak7NcOrXlEbbr
qHSI6w7c0ebpMMF4G8mxZRjjLTgavZYosCkE3UNqAsn_bgQorNPEA23UfaTAteGsZMV8Z7wEX2R8IDGStlqVl1p0XrNBo731FOB8zkeQzSLigSpG08nq_hUOFk4AIA3tKQbOzcEFObd9m6aYzHZkfhIsIVJfQuWa7d6nAc2nmpTAirCD2StV4FJhqEoMs0mIzm0PYR
lYRBTfN3sNobnOp5slyWYEwOZ5errM5AlSQJ6lgGmWy6ggsDfRHeYvx209CSUehgXUJgaa94Tnrf_EjhzBTAe4mzcDHG4e3i9xzN1xd6CEvCea_mJ6qPSsxMGUdnqNY6YzcTdfd2G0eBI1KLfHRPnL7GHmA5zhp5IE1_wXSel48eVRh43QxEhDCGqHBmCf226gkUZV
09lP7PUPs8e68mi8uJUg85nZvawZD7aKR9nLnwzdOX_Nyo6sSA73XpSEzo80DmFE5Q_dN6DmKe1vGxAPXudHYQmo4xu6jYdrd4StjkttdGKhKY9eV_gLmczn3Srsm7dLuiXOWSUekmz_DUUe7RNtbkbtFgp4w0psSKsLPCMdX5SHap8DfAtPhvmkf67o8k0Dj8MxgP
vs3fIFwVTgJ4uT6LULmysTbHTzzU_Q3gjQKbWm_KRhLzoX4a7o0SNKrm4WBg_k9EOZSg21jqXFHy0j_qzv5IUT8lJJ_VX2BZVyHNJW46EtbB_x9eQtwD_oofBH50HKIqgEcc1ZsAXkZ7KiUg9nBjHHlWHaTm2bIequS025cKDb7VgUq3JvjtCtQLnF6woo3GIOwXjL
2UnRMEYmWBRi1kknb_85iz4hupXNE_seCtpIlc47JMdeNcoYkuNfKO84Su3zxYf7Yrdjj36XeqvV139C7jQkBZckjeYba4dKEkW9gmQsq4cPJfRJTDHsojxeTUYqnflFj6Xcf4T1MrMze50HuS5iUD2HRUHOwk7QS5yi5clYKbYjCmDtCN3dvmEbUNfUJvfH36UevG
MU88ukHmcMfBm8pjrOcBMuYxKzWMunAsP9WPM127Ertaoy563bwhieA7e2eZNx4b5sglnjWA_LySRnfQezkUKbGzLBSP7GrLIgECis7ItumCe8P42q93laGQ4ImHHoKRp_i4Yh0xLHBAM5mP9tgYqdYgkmz85dgmEYqON7DXv1yusloxaeLBZqxrxaejmoc8gQob8u
jAJ527j_iCgx_coLToRtVXYBgwYDKSarTcVpDl5UmD1owP_EjVO_Nzwej1H5PpeRS272c3U4JsHx57HJlNOe3U1XmoW3y8yTQ2DokTKdtgTVvyOSqBUUYbbpjd0q_BInZESm8LCYVFSOsSQfpFkUfD_AhoPPIlgd7i7OqREvBd8k19S273D9jPxY6dMZRqXENtSA8s
PBtPzUF2OfwfBSyD_XXUWAECQ2Q8hn9zrNz8C4GNcUN7_5Ld7HFlfZxwW1VuK12xuzTBRSIvwvOTbtMtVTzC8BquBuNhhdOodhXx3Dkh786Ns7JlBdO3QtkXnhi2T6AHE_X7stcQHP6afvVPCbLejL8SG7yfpr2j_0YycLrJY0wTOVCC4F2zfFX0QaPMKsmN8QXOOQ
yADkXPOzCad7QciPeCAR381NlppS79hKEabMmHUl9ieUVLeTcFC1y1ufJCm6t_ABZ49Ga1Ju6iOgYcIMqCRtdHellP_hMQQhWaZpnXsv7fr386_qK1_1g_V4GnAcGuFijIQodxLYGoHumjdi8_FClHnrIzJWqXMY8jeWHzBy3leTbtCsH2g8NZpynQ5YQ0TgC5ONIr
WzPK5hHYhUQfmKdrcIINBeuHl7EBj84rVEJdJyMhfprCwPuTaQZzCHU0TfWJOv6W_v87YxVP3YSJBJHdj44olJChmlzj6EhtJX83OBc21KbEu1v0WF8EWy5A5H42eYePRDkpoDjJlsG_pcgbGRgAQWMgGg_Y5p6u8s1uCp96TTot_rXOYnShSdG_nar3erFhxQUHmA
648qjKSlJPMak7G_xqDdl7NHYb7CYkUJfyS9x0XXmJjIG2Agz9PC2Ind6q7SIEzp2mKUeQrl0jxyIIoXBLYK1dSk5Q6ejo5Jv5b2s0qK8vVnEJW24pbVeYv1e7sh2u76o5C_ouaedSF9tUsBoiV4cvQRj9_CTE4sppz7etAz5TapCvzjWVcFvn5hKE6KhfaqxvaJFE
p2kQf4z7z1tsJ7P9KMLW8QAztI2bAcZmGWI3J7YNVVYo2RiwZ5wBHypkeVKalwLarOFIJIDZeBzsTCbQ6JFb5yG77uj2J9YlCP7Q5pqT9N9mphSZcWb9hEsbjzbPC7jFMzrIOrnr3a5x_a6WUqjf4bni5RU_HrYAsJMQ90TcxakxqQin1ocgdLs58rtIutSpOVuAs9
00kZGkauM7x4jqg6wuxvPzfOwiW3vV6HhFbPwMsj01CLa2ShLZ3SExMz4eyEI57z52pSzUkCeLrDrS6qy9gIv8X4ICknC6Kl8i9Pl9p4kWpHAO0lLJ2y5dkn0jrxrPHPeQwIHKbSVVXxmx9zeJgmzNxtc1wbaNfbvWAg1q6dvNOW0Te9R3qaVEDaHt29DE_PNxTQjC
rHlO0m64kv1Q7mARWsndF5yC6ie8wkcHlxd62ZfPHUXZClTsJhop2YqNdjhxnlepZAf9DpGdGVBc7QDBpyyLKE1nBch4NXfS5G3b7Yeh191vr_FVBu_V4kMKe1T7RbeK_3WNGkTwzh3XfPihgOlplZdm5LXA1ICvyph5anmWXfXEwO5RJ7Q1Dj6VmR1Wz_6O585XSZ
dum50_T0pvHaEvOY6aoNvoBeiDZbluKZHw5HvXffKAUU_t4InUHR9TgNyGw0gaJJ9kdJjipc3JsZPfhi5P8EfC2tFjPb7vN4nvByyqiJvv0PJav_RmRhF5Q9cJDuMW_sVOwR4M8TRHlUmVtaCZo3fV10iebJMPE_mnsl7C99kslGNlkmor9jhQQEzPGuHXNtQ67O1I
pn0y_4Wg7SFLIPWBEiEt1e9QmVnExgFeXcTCt4IORqeHeGsPK4yAmr8gUNfPVBIQ1NRe0bg6V7eEM8LEY6uKEZtF2Sg3v6ak3ojsZf7Xin2QQhwrF0mUOefEvz5C7kJgi_Nnu0P5onTJ74Y07uuJR52oAiEhsKbGw21uqZ34FOl6NBaettw5CjJKk4vOldZhPFh9HP
LSUFp02rAv90njHHxAyy1izufacDXgpV_gdcHFXuHcwXHMBCWutL06rI0lH5g_vM_sPu3pc0gjWli0krz0XaExYWdvuIxnpYjLioU1Rs2cEz4md9wmvcOD57UHt4S1H4v0PIFCUFZ9_Y1P3iwd9nOeDB0rP3S272oqHZVo8YxCtRToZbmjEmZPi5JSqlbJ7kGcs2XG
bypQnbrqXsqxen7CaJASDpOPPe5DblrXFgFsbCu_wZI1oeYPjuFxIkQ0YLX5SL5a7rIptTDmI0dZV50spRx3s8WhxcTeRP5T6FRQEDLIL5bMag82siDHlzxZdik2UNjMKDZoUTQ8WBH1amz1DuqPaiDXEfS__cAIMaT3gWYaTptgSkhxF_CeGwwGMuvnPKMxgR4dnI
4uLb2RPwKaNs3ySVH2Twxxn9qqqiC7YauFEw_J2QeJ_m3lqlRHKRQYfCoupTMSMJetC5mrf1jCmBWa8xu4tAUCNk0nbtJxihjewpdiLveWpAWlcwRqXB_OysMiMg80hdWvLcUZt8AwzaRCTUj16Zy3za2BzgBPLY0v9Ksm1BYaa2bgXRdJXGz4msvKrcAMhxntadeU
Jmpq2L_AdKXXPhFXyE26aPz2Dd9zN83s6fETt5p7AQMqSRRDCzKyjTj8f3u9WphxVGJaXgefjHfob0bUcxBaBCCMWX0N0v4XHT03lVYNvZNuwRRdULp1EsYjzBIPorFKiAK_T5MH0c8lK7YplcMDiVOdQusoOKqoKSbvb120MHh5FsexFXz4vat2FbkNQdTpQEaU44
A5Zmde1S0xhykyr7i6pTrpLNxQ2mXZwMlkz_iODfmVjnFhq6bNIFSVpp9nUNDs2x5w81r5mlPXqDGHE1onyjw4tCUgEZfD6XAwZ8sGJKDQOgtyy3GAv4ELBc3el1jlIhlQ8itljFhXtkc00Utt01a0x2YvmsHEU_mq_83q6L3oxNf_f9Ef2JrsbCoTZLTTAOTj31fq
zzniFmfUPwuzRbYbWgtLeAZz1BU0Ziqp40k4ftYNs2NUwcVS8Yh49mnt5FGOvtcBmyBhmhy7uKT16hWvgCsPHx3VVKiAHgZSThNeJhH4aqJ1gyc_cNlU_X9S3Ss2QrSjbdL68BftautGrkk0O0CnNonmCM4XKQYrkK6Un4GO5LHw3esx3tilkmBasIQKSNMtMPBW0b
kIhCbJMqsHZ6LxlHcOXURfzXWodMLZ5R5FdkPILqWJS2SOblq5L0flTLEJRmSBqGbPhqT84NHArWlaWnnITx3UqJetuL2_NhwSjuKzZTkqzAqW8GtvH1P5XEWcF5y2TDZP9ElfUk439qW4C3OROBrmRYh9wxEQ2jp2OOP5dwsrlLUr90iP0K8oiXPKuh_N85DN0MYy
SVmqNPk1unwuAPLcQUd5yixQ7wn1bARtWksxFYLLx7rOvrc3V0bzNWPx8sAQ5nydxHMK9dKuxhWrqfaxsYrJT3O1JxgvpnGExdcA2orWVmA_CYd1d66B7H3sO7kKZkEWzKhAuKWSzs7AysJKxjFDVTxg7QO6b09z4Y0hJIShwdQc4NgOZu6pVNDkVbTOMOzW7lC06Y
z08yshCF8oD9JQaUUuwlSz_b0nmlLm2e3uwD3Z3Q4xwpVWH7y46FmCdaqEs1eYLQViqFHkD6w2nK3qBDAQzRrxLGJLfnyXcqqMnANXPisKIbvNJPYY70CYvv60yt5W0BrViizh82WdGs2rP5MI7YWjtRhQqw6bvUeoY3KMb3Mb122X2G_eyZ44Plh4aCmzJd3iBRE1
fsY2AqW1fuSSgwy9rJh_ISPzYPng9eJyVX1CU2N_4cHPXS2P4ZhPW34rI386i1_3wHpcYKnVp45aFs705HysNSMIIY29jJhzE5paOYKmoAIlz_vH2_JCzCKLIz7p9AxdFVpjfgirkuxf_Zwn_sGpS63szogY6rn4iURuqlcVC_b4lNbqcfGfi7JFsZaYRFu3owvPkB
xIhKugIZDeKMiLvwyuxJHwVQAiJUED4HddooI5leh9jvgrs0hjx9rMhPteVujmvDDuK7Zbgm6bIl63r3moo99vocNcwtZobm01GXERVsuhoOC3zn7Sz7j_YfMhQ30Xi6KKXz11y9GGSuyzCuFMD3SkTF2K2wCdqjAqeism62EZ0zzED40IZDUo3eIw04NyzpPRRw2q
FmcRSNgP5eYu03cWe3JYr3gkY4GAYo3QJAZPpZZ06QXcxzXB41kcGgwSwn6JKppK0jNw3N024gtGM0fHxiWZ_Z4Mds85NHvjRyyeA_vvz1H40WGx0f0fzLdLtqTESD933PtNPj1ubumW4l2quUObrXbCrHTrqoq2wQY2e0eoDWYB5pe569_UuuOU_xOooLBwkfkaq4
UbpDPsxye8wFMysej2oY1_PF2imErw8GM_uMYHPNYtraghXserP9w1vUNmzoBLCSwUbkQj2_TiWdNmhE8JoPQxCXrfW1Y8MhOuMWP4vnJyH2r5y2M1LOruwU9Qa9dJZWOPKi6xzstlK9uZ4uLqSR4DHrkd1t0UjBiQqe5rpgpUENIopKvYQSYPCAlFOVF_yiCsf9WR
wHK6KvyCvVf565rFNOK5zvEYNs3Mo2phZJ_CbroDRXIr2Gki7n0PC60RLBpdnFeCuIDox9SGUgFKd4mgHNXlEgfnikvRwuetoeYwSWKz8OyP7RqGlQQdIdU11huC27WeGB6HbYh16T5FDQ5fc3EpBeVmaMYkdhR9avLMYVAonChnZDrv0u8S21RXLpwb780YfJyL4v
nNpqVGpLh1cxFe13jNrwOBWSU19V270RQIvgsXElkYkDtMtCDvb8tH9knGYjIIURNEaZK5VZB67amVy859SUTdEIPphCzIfZ7mkbZNLMHY6eFIHAUa7LdXgbFqokhaL4GOn4ZCLY9NAUjyeR7QoaLX2m_mRd5RIGiCtnofTlwj2D1SPyQCgPKE8yW5foPiB29o1gIt
mTKc3CXSYGBCQLG5yH16vi06lNzJ1kG3uIW4V5UWI7PgXvyFkTemccu_V51IKvZUlz8W18WwZ01IShXYE0yZE4tC2KTOKUKaRKf2J4Yxqf8tegzzSIQ7uIjjHft0z9l9SRxzh8PvQx5KO4eV1Rnl186ObzdJAis110fv27Pj0O56zAzFLnaYzs5i2AJxt7EusEhYWv
RxAk60SxgMjsiQUy3s7RlSBBp4gnT2zyPTUJM8QGmqFXZnQ8zIxNJhPhh1MjTtuT3IxYoXqqZ6orShZN8atLOIVXqw1Zd_COopKHfs1x4cUjnThAaqXvdhUHFWKkdkwFizcce8M1pSfhoAk0WUy7l8P73l11zTmMIkjMLYG1X0a8wQqRlUmqTX8mDAyG4Nb142SVfs
FLgB4LGB75iCjibkzSF8_QsetgTiuPxCA0Eiq79fkoHq0wlontWCNXlNjt7fU7je_VGgZgEodoRMIdA4U3XQojVisuRRLphVdEjjKU_KCYsY9BqljauD9gXNwZq9tLqQlxPuzLjTUpJj5sfUpjW1hNyM4R7bVrrCNpoudtM8wQAy2J39bbqRtlbKKoJo7yHMOeiawo
ZJCC2YEH_gYnNyRN8OR7eNAU8Y4r3pr8b7YKCH3j37x7Du48kran4p2ad8YJGUx61lH7fVupjqEeIYp2kfeF1smfpThksxJzgSIjXeXHw1B_sBNoiPK1N5iDHkimMXwo7UlbTZgqpcoZbEthFio7SCsO6tfkx3S8Zyht3RiJU3zkPrZHRQKw5K0JvTgoDvaXuOXpmx
DXlY0qq1BnyYOJhsOtcFQ5h4Utker62fTJ4gSsbu9_TBUCrIhBL8AjyUWdCIqKTBfAEEz5ezUJ0t6yaI3kq4Fh361sNKMyAwJn8QvR6MOc915cAEqyfJxPFcTYjBHwE897Am3I4bQBXbKYo7g17SGTHW2Kas0QQogMYBtsFwvHLekF2vD_4rzs11d6Ixyzk3PiIqFK
An4Dt2STmiwBszmmApjqYop96YWyqeAIOsqDtenF_LQl5tz89WfRpGWgm_skIqsB_mnPGGUfIuX0CpS8F0ovKHljjRbmHDit3vbSHpfd_sQcnwXySzCU3tvXnraz_wlkMBMbOPPhTU6hvR02KnvLGD6akt0yfvcIAnnspS1fNAkwJjc36AH26TEE1FZNsD4hIGpytb
bqOKU5739CPx1J2d4taIEK5Szrp2zT54NWblX_tQAzBImTPX9ZwT9gmccPg0JNfNMlO_gMVknbab9CpStCfZKS22qiZo9fcrcReBtOtvO6r3nJmfux75aGJ7RrjPs8uMYVxuTpEN6uWuxM9dlnBi2ReT5sJRKtFBNUYAAa4hso9xoED8qyzEKHXHjnlyFCoPi5jGX5
zRcJPGlGyBZLIHSosYpA71zjtYoxuxBCqsjhpHKotdm7P0zKlFnzbuKdTOX1xmtVpO9CwW8Sip03O9gRqjzdwISHrM3hznIyF33_9QsaMmmd4zE_7X130XDjjW542SFYiCrC4kGHBP2mvO2pjXKZqXZ4mTLmnGPmJX01Vfpf3zjZIYdL6zkgGRCAJtWGs9cf2wcPiS
Z6MEIzt9SZ9WmLn119qSApZ6uhT94g1jnwcu0xg1smZyB1rZJ92E49TNMomqfo_MdMJOUgb8DcUE15qtqry_h0GQbIiGhGMNdv_KMiQspeWNcClXkOdwa_TL6hhrqDi0CNA0YtO_vbQCziB_zJQ4ZhvpHcQOf6_p9sG2QzTEDiwEftC805le6Utb5y7WRKE4JUqfZj
EoJ0V5HgPQw7yw2pfZGyMQLLJmxg0C908DEDgzve1PjyfDQTmkxHJVfmHJPJwmSyNAnh7aYHVUm3Imw57tBSFdRvCon0LnTg7wIQefzGAYNtBylbOGdVp4nljXLBEFJRTq62iOD06Y4f2IMXP29QTrxqrfEW3DYKd4LvOd7Zc8baZVli9B06QbFUZgUH6xUcsyVYrQ
OI7L6790KnuLN0cMhdHqFyOpyojbeyqzrHCM3CcNV0b0m_l5glfCHN50keALIKDyEtO1PXQ34yPojtg1cGx3Ys2r8bTDpy3NtNYonQFwD9sGLyz0umKo3TFDIsLo_69E_5w2ulbhJNaTpKxYOJmepEefnevufXVzzj6o5BSNe2nTktGKPYE88SvzmgPHlcIeRQZVcj
3KnxuE6Sg40NNBkaMDjpOUDxB61CzkzIe2EvBe1TtjMyk_gOf_aHTPzR3tXGq6SwalklpMb22NqsMKJCYHJZPzYmIktYRnTxrLnY1WzHzg5mzZ4EywaUSfvQRCwys3ACimNZqQYZmo3W0CU3bNhT7x9rfZ8jDQ_A6M3QhPtv8Z158lNCFwCr_fKOsZpSELNBqrbcWN
6I8bPlsVaiFbiGqw8936Cyljt99vjtVwDg7D2EvLQz73OtJEemcvdhiugJUUnhFrEOgxPZZEYJ9KDvP41eobLN2pdlcdzpVHuLvP93tKoeQpqF2p54wzhtpr6NpzqnbqplhbaChH3bCXyk_JpOx4OgsKLFByFlViJQSeoC_2mpjBx0cKOimvO9CTERHhzldjeqLxU_
0nBGHdcl6UOU3STtk7492R8gLeF_nOyH6o_FEz_DgtMQgff5c8ZrSX4q1318hTnG548jCbnFg2hRQuN1j4rm4OBxrycuTAB4AI_96nlpZW7IHv_aq01svRpfntHUg9ySny_rQeL10oNBWDgsiUIPtMoZZJM9mDIJ4POhj1secV2SB36tLPf5_2W93lmYb1MIpVTZAj
8CDqcCVDiXAQ2y3mg06DkgYt3ws34HM4G5PjB5MnWpxiFCBIkMiZDycQYhMn9G9rlwsa0yNeN6NlGLv7av5PWJ1rOPW39Ef4oNMOh5SCz0FKuDArl3KmK8dJy0JsaVx1R6bxu2kEWwjXJxtjAsypj7ATftDvbyIk7mfdnLtNewmKJskOn_RGy5fECC8EEKNLVXzWYr
0D0yGxzoDqlmXaXf0qSdE66TPbiYj50JUcFAfpldpWY6q9hQ4i02q0B67nSgX7ULIbppFLOcbd8BDnt55eKWJRmtOs9njiWfU7U54EjnO2dkfq0scv1Gkk_WW40tXCDddTmiAsfAKQNyTQCuxApUOHLCFWYczHawK193dTvHMuvUoTuDhjnygVKLKB4TdVmZj_aw9g
dLE1mrJPGfPGgXFy01hPb2oCrbWjulkfMhrfYkWQESzvWHzeV5k2VXJhvgOCaMY7T8vvK9lg28woc42Vo8qd5UtWaWnsLJqg186DeLz8bE9OG0dLmKmBcwaq5LSsYcjWuNx6Bvr7YfkH1cLJm5LSZAkFZgFHy_riwctUkPF7zHoFykHu7kQk3RkHdGrtIxKMOhDMfM
KG6QZAIHC_gihL0L1gPgh38ziLu4si7O87InrH2wSmQjq_0RPGjl4CyMsKRBNBL8R0IcG3izDyU_fFDOfoNo_ybjkcVPN8tPLzu0MT8XICuUzSjv551iO9Cn_kxl7qHnmyrIcGMx7jV4R3l3HLdhhUHoul4U2vZbe_iAXuB7kiIzDCoO3CAdM1wzaqlYkA7ipiMESA
25FKIHBBWoFyqjaYho9pLL8SsfyCfFxokWEj9MoObmz0XYmXx5LIdPAO9ulySsCG75hQXXxUW_BKq_0KLng1FFJa0hleEwywP3q4eZ6SEuaTcKrwW4l0vMvl_GEyeNuAlaMVDVkx0B3dmaD6GScAG3yK75ZRIFl8EWLos5n9hCjKspWYl8UMwcDY7v_U3nncGpq11B
AfFnZDyXnMnsSjTXujSnon4yEPtz9rOJ14iq49L18o0TEQPPv5OB1AqqX4ffWOzsBUbjUCeXfhKcgyEvO9rtL14DictqnP_hM1I8gT63n8OW1WskJyRhUP2mOpe48t0GwBuL8h6lWze4YslvAgwzXNNKB2X7zaidM1qcxKxvnXUc6nHZrcnf1fO2rhN5Jx5j6VNc61
k_twCnq_L6yVc_Meb6SczZgd7G1FvpPM4GRJnbDc7ZdOhMova1ni9TkSLkws7FSTMReJR6JnhXkIbQPd1NVi7GUIkNRyc1zuniL5u9_R9m3wz9jN7faqbjEhKJdBHldjyA8xM8YJ94UB69XtHULeCHY4bGGHszxzaob5ytiU5X1Mt7HV9NF8JbzD25iPgutE5xmdq6
_YAmDcvx8NnvsiTao6rxE58OzIML5se8iY0D2wgLp9oTNMd3fMLIm5HWMHs9N0zpivPwKLIlOK54u5nUoWDf4TNOPAl4VLp9WvjmnybFVd23QGZZj6a7j0CTvGmehvmeNGrDuxWGUzGzW6TCDTj_nkEBKhZp2aypcf8JHTEgpRMqIXvx5QPeHfyHBQYSj2L83FyLTy
W796nUsVOr4WzkTVcYbbbLha26XWvccSJexvzGXTnvZIxUzWCBFZEenNmf_U_9qrL5B0qHfRCd9tepLZW1TNStJOaii08WaM4UaXhRYx5c4RNWq3E4SmGgp4XnKQpBeaFEicDDNDPi29_avNWTkdZvLf_QrnHFrliIDg1PLV9p5PVQykvDajfk2ZeEXmUHBMBueMpg
LnxL3SDWgRSKfOPOEUTUYNFEU34xGZ5i3AWgINT8HZwXCiKDCFZOADUn37kTj_x4Ruvf7LyksSDhJHLMALvmALnjEm7aDT6fn5zfFGpFzXynDR5MXTxnWVs7HwPfR7hIQK8eY8NyJqEFuve8iIF4cn7wEBzyo5XihtEOKV4K_0zqAJJ5IvXMs98HhLDLh4_bE1MSfC
KIOjakrFBIlwa8cdS8zv81pnEG11079EH24qLXN2Su6qCpryxMFmbpPkTH6e2DU6ldd83DZq557lvpWKVhqi6yLXd1mEpUxvgCBWJhuEMGZ3AKQqR8plNTlZz2HwT00iDHyFH19JAL6ycGtebNRttBwhSlV3uXy_t2Bdfo8scRyqNBvBmp9_OOZxMgi_YgyhhlkSh3
jkECfYJpATy8r3NZvyaOn30IH7RaZ0k4PlZ4ZFlYQXcnoz4jJg6R53unnyXpHvJ3UztSEZ1mDzUrP9ztPQSAPttQegkvExS9EHlC_Mk5_h5gIdFUzkIdvL4xa4x8TXqyBjWRfEYzEloJUoVm0qny9S95QXy6EFxiguA0Xle_i2N5cZAjld9P_XTICTR42PHLyCkCC8
3eqMB0GpRZLtNPTn1ORlKzLGyzm3VV4mInjwSPewbik2KnpGQrwtZzpSve8w_RIxzBFI4l0yJwShP8RrMvOc1tIoegUDMAOMDaJmulA5fEpjNvEY4RwdgIMcSQek7ltu8lfeodq5kLnpYdht7J_49K8VJFVru8yJSlTnQ2czfnp1NS9wsGmqP6HSP0YOnNluKZY3pJ
DlkCsDlBf7eDfgaQ1l5EdyDHwCkFWzPcqjSJFYYaE_sgMja1lckg4VpsG40x2iaA0TM6nHYrxdgbSJqxE9ppPEBndpN5jcUk1iwaU5YZHE6Lh4DJWYq_gu0IxXcpMlSeMRQiYMo15wRSkzkyYcEJs6vYGJ7Jwfo6QteGuwlITY7obFMtKSmMpO1s12PXL2NrZJJDqe
pwHzpsBOkpylt5siQtsP7eWgytR0r2_L4QcqwlfFOE1lgHm51QF59_HCBWcAC5K6_A8hlQc1Myy8AHfwGRvdUiXBvK9MS0wPA4a9mOU6OxRGaHPGVpBCvV3tioewp_fpPezZwFSFF_5ETOxUFeed2c9DzwwKwCSzxmyXm2JMdZ_GZoE1WGVWi8LJGB0XqdsdrnG0za
rwx3MNoW3tjL7XOYoHJxpSuRECIxeFbxTrOtkEqiocvBK0WEp8O1jyTFRdwozBhv827Klj_ekIXyDXSZBuJGgWZ5rGI2CSMNioHG6fIJldPndd4J8hTIsDtRVoMXiR0RwjvaIL_dF_sgn3Vj9yq6_6zaDcQrXPKirmwCq0Dn_1HL4UHPZB4KcmPAIagmaKyNWMgPo_
Q4Pvc_Dbn8tncACAI20BklEhUyDi6aNSHqPJlyQi_xp87_vMMiffkong6p1yXkkjM0YbqZAFLs3DcQV438Sd_C3T5J2QSLtZg8q_HWrVZ_rLkBkBqjbFdnxoN0SXT3C4qGhCkpAH8xZsloukiklTxetNeLEW_LTPU7PFK95dCMaJyGz4EJXgF_Qi2j0b3ZHGtwV0h5
3t8MN_Tx7QiItN9Rr39TG_wUOQgbEroTXQ_IOx6Sja_dwXiMsCR6y_4xcGpyV9QxDPmGDno_HrmPaXov70v3GJoQXUT0RykLfnucrbUD9v7OviZfzC9U6Gef_XCxhN_vCx330xYFQgsuQhb4BzBU050YcglyXRwO4Rbo09HVVp3QdSEbiFspIxDI28mjNx44iCpNEw
eKuBRC2aeejGKststJeVh6NTXrm4ppVZCIPm7MTVRP762bqCAU5jH1BTiqAtiX3bprmyZP5ISQBlVZssoDqMSxAoQbhnHDwTsEb6Pm_Yv30FWA1MyIif8SafxPLiXMl7q8Ipu85Is61r9YlInIpsgeRn4qJeFckKiCDqOASgA15BOkmM6dM7fNk6uyYPXQGMkcUeS0
zXdvUZblKXJdBE1d93CPV9Yj4LzA6r77DngoUmIKmOKjG2pz2S4mhbM5zPIyEGahuhs5ahWZe2lIl4ESarzdY9_okOrOeZnu462iESu1CXDli_0Tk3YyCiHTkOaAUj8rRifv9KSWI2VKi7uJtuHzEmHckKNKiSn9_aibpCJrSawhXh70_5hrtQPo1owxuaYkzH7uCt
EXhyqPGg3_fhp5zQT0ORDqmIiXRLAkkO1JEX0cSm27MuvwZ7XpMshj9Zgf1pjfZlzXQSDAQXZlGpdND3lPK9LEh_JO0JjH1uSJhiQEfwITC1DCHoQLBO1vBWwJAN3S9BIa_WQJZyi1wWNFyQlNUenycZLzHGMk9387DRxdBR7D9FwFx4mLC2Q3Yp7ChaqTlgsgx1Hg
6l5TBFWt7zYxBVLBRI_n2CrACF9Iw8pRh_EXAQzhTqW303aXX3QNbGQoH77LD9bgI8KRcWhzoAuhbg6h50grwuaN2ZmkXrk2frReAllgi4gnYJYJyVABX_hGdnsl3Z_J2S8251boFQQQcas4ISwmJ8NOl5hxTy5E6CJNe3p_3GIYnnZtDWMxOObaFqjRC7w9gTUIzf
lUuFxxOC9JAaE4k1S22D0aau8MXsdz6BUGB54KUHFyPTV72okg0ThBNKH6biqGhU58h3eiHnxidp257qMqFIkszJgaQaqNYbOcDqOYOTGih9RI9dGD0SFkKDpbBGYbm6KP7ozDRxSOOOVTDd58TKqUiQzAIqgTro2s7milQUrKquf87a93f36Qt8Ta133Jlx_CC4pw
V5S6xG4Vvn6nAuqvO47jHeuRkKi_9MieYikTJ2c0QmFjfUyzQ3ymTRMnk7baYFxxwvYzxgJmK27j6G8qiW1hwo3yj3gSoHJyqCvJ7uXXudySW4rnjJg3GbNMXmO4mGyuqQUQEoTmgdyGtsFayq5bqpk6KY4Bp4XOoYhZ2EARWzGhtgxweJuP1lB2uBjS2OPBJceSUW
J0ldejkPlvxmChgsRQocuDl6NRcgFNmyuIuK4DS9MKNJD9goyB1KUuymUr0O3dVYMzuf9NdCYQ8Szxuq36Wah2nuKttmRZTUptSX5VO20uZup_V41Gba5jRMrpdB8xXETo2FQMCCvNT6O6jOC82xZ3aAOahSKlMgf1VcIToHzFRuFftcIJuTSAM4_07pTzQqmuh2cm
6w45M92t7oyzo_KJZU88icEQn2SP6tOueMD9DNa56YdDuSZmegTirNI_kJ8zrl33z53UN3fMnL7bEcqIAp3H1qUoes2uEuArm_SiggK10nDt1jp48P7iWU4Fq89dNUSUd_pDg4BTyZs5qhBKzNWQ_xvAR9jGZUR80f4vvTwV6wNpz023JmVVyX5ujo9P1hZUJsVks3
W3jvsmo7zb0evUyhXdWOzWlGVD93UgzNSgKLcRk9q5ln6o3Syi6egDXeUR1tWjAVnEypzGWYAJYWM93nVpqZ8ZwReLsl0Rxx3Efc9FFUfMK9ErTTr7XkqFJ4KSFoldqpChYQx0K8XSz03p59Qc6fN__6eZkxp_cicHE1ozEGv13O6ecLL2KXsOleYmAnqxGdqet3tH
8Z7N5fN6RLvrMgMHEGNKk8GQGKGJwETbOLx96FsNJCPGTS_Dpdtb1wdvyya1yUUoNPtI61SbQIhaZSQogNkv8KA12PnFRbmCLotxOn4qdFdBndZ6FF5FjpGW_sJXErkXemT3OtsVNTaJ5dBABCLxcZJG6_FhUdJ1a6jXQj7vhOmxFxYMuLi4W43B5VN2L6Bv4nM_V2
ckw5M64TDEKwAjUxeb4IF4wHZcDFmMtWPaivNUmYOAIzvCIvBiOdn2guum05NmPk6rqRC4_CWZdOZ_biCSDKvhZUS6BzKA6N9EDUETprUpCAZ7kLEYKeUWBgYRDLoKx2YUYxMDnj7uXdZuDsGX8MP92cuK1Jw1teMJ6COre_mkIPIBXqfQNUB3jOJ_uU8Z3UhjM6Cg
_Ec3MxD393zbrP_ekwDA6EjkFpix68kYsTiCKH6AgVt0mskKUlKxY5hY5wKPA0BqmvJWWXLRjrrHsiFYWBorCXbYacKofDu6kJcA9vhheTLIkaX2DjiWAfwaiQUC3uTxcTBp3xiBTrXfPdf8WXU80C684424zDZoVOV0R4YGksEW8FTh1SzesoRqTZK92qwtzu2YUf
HRZjqj5KfUVzB1kxbOa4KA7FSQnEY_dj5vElAQaFM1U2vIuGgwHcGeDMDccUc55UpC4ABdkbRdtHfQ1ZJryeodhD0GsKhZx3PwG7VRQF8MIrdIF7VkLJcL4XiFDIcTQ3J0InQdcv1zE85uCpfNrywjV_7QNK9ybEY4dLNufz75p6B_HGI9JGQdlUvgttEGURr0fIsT
Oy9tlzPUfOCW_zzHVD7tb0IL3zVEdW8oAjgU9swXmG24AmkoIVzX9R1tC6948JoarxiIZ4wxbt6dY93CD8phzHDxkctT0q14N3wtAjmQnZCcupugjNF8aa6024qoDw0RHAFu0AyjvUNJaEt1q8bmTdFoDT4SOJFDNyofgufE4icbkGgP7b3tRA63XkM8p3peGMmAiu
9Z00l_MXHscXUaCCZ7MLHaWklbY54_ayvm2sIzmT375CAWzZLGB79ZtadUwUxIqTeh6jbeRxQJ05W2tXQszPPG6ucCT8zCyLfdU0QRWvig1phnUWG1N0TGMQDeks2bGXUdpdOlaDSM8j9p1MR_HtNJT2rsvNwmJ7LOVpqmwwCZmSWUMAYWMgyhEZ8pV4PLMPpJfkUb
09s1FU5O5Ke1Z4IsaoOoTGH6f1ImzHOChvfDWeM2gWr6qrCKuAxkiKQ0_SC7luS5ZDFvxi1ysO_KXD3N1mVrDAtpBBIBJcNfM2_dAgV8MNLuMLWZNxQKIvgRAQIeKTQAjs2Ri432J12oH0OmlBIkx9lO4BOvPzDcHH4RZIAOC7MlW6o8aJ8g0xXUaGnPUdMUoz_CZj
bYNOR7cZXr8bd4EI6PdUZGfumcVEw6KKbTd5HHhI6H2TgX88Q25b3w1hf8TwZOTXJ7n5ifXpru1_l9eggXCpxK1DCFIDXYXXeyta7jBmIJLmNqOnKT96uvKIiLFsqDmhIh2ew8c47ghHcjdv8AECtIwDXXjw5H7jOecqfMEpXxdZkPTEzwDTs_HgphXuyQ5swTSAe_
0XAkjyc5XF5Uvx0K_gi6djUYZt3tnrYPbm8Xg1Q_DDNok3bkLZCah4RKItHU3jwbQE91vFMeCFOA4fdTh6YoD7ixM6BCuvLoxttzqExMnP2UzHRuPuIU9y3y1g4LVd1yMKDjs58hW0Cv4iSSr8PnND1Y8Xp49LE1Fvq67kFvHKkUcsTg_yWm3hSQykRwBAYQr07Swy
wsipoZdQS09BzWAcxhEQwiYTYgNJ0MKd13DLqkIGfAVe7ozlXo7AQ0VTvkXo41pWoOCSksBnv6z2zvmm3e9TlTnF4TqBKG3mQAMfH_28ZgWPPWHwk6zhv0mRQYsuLD5M6HA3sfd4NnBVoLxBS9i0yg6k7gZTi6adMZZJMtsDFzbpegpwDrpR7NF4cagQdHEwGGtEsX
wlX8UMosSqmiaJiZNQkpcLKdMZVsFZIiR_geMzMFMSFGjw9_WvpvfLc_vNInyshVHCdXO_3PARcZgAhTbmNLVroy6A1jbZpoUynXXS9sd4uYaUqKPKEDH1_YIrGo47ROWr3m1tm1MO3lygjIGgnECXVsO3sHrjBIFPBm6UjqBdevvAKEHinRKadLGNimQ2cYmL1LVo
HYxUZmE_3a6pnWX_tbs0T1OzWv7lMNuCeWk9pQ1ZHVG1vYYYJJZ9sHQepwx8d2Dqc1AWDqkmn7_Z7uqDKQumFqsEH99YhjIW97eL4FqvJBPPC3gIkRk6IZFkDXsijbydSIKbe714ZrbL5uZfd4mswascMcmo7DMhvWrPwEILmdHGFuDmMVQUpUlC2MlOmV2Qr1mXa3
20rczHrrGsH4N4XQ26LX1k0VkRCGACLpmQzVxYV27fiM8NO8usISmZ20dBxD5YNy_VHyMSwnksu69rvdskxhlyYxFsDMa8lx1V3YOa5QOGeDpXA2DkgURdDnEjW038YxGPXvt67vICFxg1tIRycNIC07EIqcqtq2NK7MUA8UFzvDzdx3Ln1NzPnYiSEI5tJrp7KZvO
f0U9Eyrkx0TQxXLUaNGzANiH6KN2rBpe0s6Nur1C6ns6yItDi3VvmkjHslDoBvhw6oW9XDIZgCyqHDyf6W14gC7MAMNEnmWiBK5vPsAFp82qUgLya43eBesoed96ncmE2tnxJQwsNv0QoS7XXMMTsmOpYM2FjzEU5xK5vfSh5rTHPsKo5twtefMdvOwh7bI7U43ywm
l5bp_lRDGBn8UzB3k2o2SO7QpDvbiWqwYYZ0M6xjW6jL11bSaj21cZkQK6s_r5dvvoUBZ1rJqH2jvSucfAhxDQeyPwf3ZKDP_lkRyNUSl5OUosvtNhz0zvlM42EilS0VLLlvc11pO2p7xaThlrQPAeyvot0E0sho62adS9FGAylb7uKCCzLpe6e1QN9jx0wapRwQcv
XNa6XFKO7xY34yIQIhshaAW3zGGAhh39E8gBsjIqctZ85f3tLBV68WfhbBcVGourXrIW8Ey6shwr4TfTY7ruKzAmtOdxJYVgfTDCkblCL_jNIRnths6l_fUBluV4hRw1nNNfVs_l_LrKTXUzcL0V49d_gIGsDy_oY5S1dx2m0zjpf2a7VN5HWkbx4nSnCM7AzLjMSt
v5oa_l2glwlL2A1grDE3vVfrRs9WtB2MS16tQwVpvYX25C_E6z_RghIkpzXGZl7AZrsI6jE1C05Vhm4hruenNKPJfHcgHc8TKPDoAUPtmFVw3scpNlYdX5ah8TXpCC0bHR894KgFVuKGo2_SkWS4RfNuVMlcrzrvTGMDG6iObW3aZBrfBPqb6QYicvHQlEKCgJpwJ7
9020c8O0do38ePNXzJR_AF6MDVYX3KmYlI9UfaBAXpAkRmNci58o5A9QjcPBiDDyc1jOVU5ra5FGW1KFc02InvSI62RT3dp15eVA8a8V9fRZKuGMLSll47UnAA78nNOFJ0ltDQuxMWAUrB4nrL1KVFpqTv815hskyqtIneuIMC9hIn2mN3QCFVFsckOAqJy5wQNg9d
A87d3TiGLzpvNnet0vps5r_R56mr6M_k05klu7f92ZcD2RnicbabWfBqlgJL6hhSvh_bkZQYC0djnwyk2AmltjNzJb4EeePeXDxZi9_uQwxiF2v3EIVFAhK48st5ulYJWwq3XZErp8tftic6rlS5fkELAHYk37RGnNGvefc6_hIhzyGD3UmwwhKf4U_OwaQD07YqzE
Db9e88UG_KNATX2RhijJbFPU0fB6LvacRexRM2UO7qHLYUE4XZZPIatHOEycFYk2eKkOCtATLmJa9jPrq6VtRZDTsssfeVysNSnGWYxZl69XmJxv0Ltq7icxeOZD7ua9BUUL_XzZH31e0SE_E3iPsovO5Kxp944G5HHAGm06jzCBiWLqXoVX1JWCRz0c9fArrUmIIR
5z7XQhUJ84PW2l7vPrMG0V3rd3xiUtKqk5JbD7WgYH1s0LhQZCkkKRP_1zOrbfRxY8c_NcYBOTgIorEzeiaGHpk1TqUXbzc4t72YkJaQsCX0FxboHIZFJn7bS1_xjnsfBiLr0qwQOMe9E_LRlU0pLe07OjqYKNoAN0I4sCMP1Gm2OudIjJGH2t3gZ4S3_kiL8TtwhT
ivQ7JWqGTEUgUSGqo9QZS4FrklH2gBOD66tDrsWufDfkrieTEE8cdkIIlPBm_23kgHcNaWzHaXQvWrHhaNw6d727ig2d9yHOs0JXM4_lac7p27inQYwNSv4r_G_S8oi5VtbY82fqQNNdfMNwqsZkep3ms_aL0Tkn_biohiOlrGlnCPlH_9TRPX4KEt2fXiQAuu7jij
IO1VHbYvtGLRvo9snI9EPgz4Qy5dvIwuuEJPGIlaxKMEcWepeIbixYj7YBvuwvLFFsKQb6XjbhLt0G4V0l_mYkP0KSF385AKpEPKorwSP4VqSpIQ1CgAnFgpkpfrTP7YrPTtr24TmRlMIQ3lE8YINqB4QyQkxGWLsCbH6RX6MyB74Lhbq5GLB8b5ayF8igzK_Dthai
kIKZTRXzMGfEWhM9TgHM9j50bICXLy6xVlfloh6Vs5bjxBmGUoG12rH7nxnXPD6fnpMMYuexIiFwm_XtqzgNiiDZDZFAsXFpu2NGc0wHkQlFcHtQksk98mJflF2Kv7aNgB8AFCSABcMR46l1FHWrT7OjdpNJpiyFuladSeQ_HhJnSm6zf4k1DGL2o_GU4s0nW7oXC7
OBjsx5BJEZotgiPZIq64ERXp0jUGByTTkoBXGzvSH7VfunNBs_VtlNWexbF6CnkLGmsYJlZ_csOXPbX3uH90v2AmpQL3R_uGuNUtsNUmNVquh6ApzAsYNgSHiEbf9Ljnv1USYzeRM9LYFkxaIUeSfVkqSRzTK53UoQBST1de2GMxCMIsD1T1Fjf7SNfyauDI_JVCYd
qxfifY1k1yKFWuDfAbH_Mfw6qfJ54iQddynJIIglSQx5rm5dP4tDGhy5re61edr2ZK0hAP7HgXqVSkeBIlzRJi_XmRQXOUkYwHCJ6UEtTv5r6QvXHsOloe7UTNZ6taAfC8vcOqvcEhVWa_UInkYqapcPynjsNcB9irRZMaRx7i_NvM2aMIlNXFKkHIwxSiIOXY0vBU
hrHp1z1xyNRl72P5XlToRcbhQseyoH9JTWDmguBhpSpxodZpFUOIP6NtisJh6Yod6xgnGZ4Te5xiQF6dkb3tp_f61uoaoeaY59zRNbhP2uIS7wdiBJRScFKOZrg8Qc2W267PR2oHsCBbz6nHImw7VFVcJxA4stD2ztop3aaOoiBJVZOFDuU6Qw_u9rkIkFvkwJ13u4
aCcm5wFvUcnht4f5ftFpGzMxm8964znMl8Qdf7jXYF5liI9exQgaI5krcxVTD89Pi7RHhsYICaiZRp6ETT4qGZ1GHBzC05YjE1umNQSdXViUkCI1i_BFrEE5NWTKcs9iJvfn_gj8v9JGyknAEDat_FcS0innOp6zymmG4pDanH7Fbob17gtoKs5F2zFeWxjVG2MHiw
izP2mVtmXJRQAz3iUEfuZf0YDfM76sp1cviCFomUuB8SbIOT9kDLpEbt_pwN0VCFhZOM_enQMJP_ojViLob4NvakY9xpvVBmZmcvjdWqsBlAuOJu7IcXm00Q5VHKLjp9aEyYnqSKwq4jrgPgGQGqyPDh7lNDzuZ5lcdHwNOlCrHtLahpl0LyVfsGxhDVl6l38Lbdy7