29 368
7ni7o5lGb3noSPRdsTwfdly5CbXk6AN5FUJuH1QO4EY8p983A5AlsbzV69iE21_sP9scSQHRjPuDHyE0SmMp1sd2Xj1soHimUznGXPcfZTlu3og0VLC4RRZIDtLxs_0HnnPRc7t9rFkz1b7DLi9xqMjiSOi2dqiCFIzJAIHrKtAACaAzJm1xZG2fNtXgZuTMJpeVkGgap5QmVZGPmpYgxtfrBqwemjfqeGPmsuwF04q7lDTXXxAfYv5BgqN9n57PgGjULhb8rU0qvarVDrC0e3CN_nMgZJ4G4n7kMZbdxI7qNvXVC9FwCJhBHec2fhhCjqM5CgyzohkXruIYipyJ02fxkECj_NHZz6emRgDjvUyx1304
QNfIoqHdhcQFj6gOvCxX7GqxJmehnda0CLxz_id4RxCHSd5r_W7zltXdB_kARc1WYEoqXpCcWxs_lsUa87rmooOIlA9uiuIqmaRTXcMSD4ga1nDtHWNSBw4V_QyEO7iwt6LdRjaC4xzhss1MlCJEnJbJWIWXYZTJlGo6FzpybsuYdqwTbbkFEA7cl01O6B3Vxl0zkzrcXID7mrz7zQ9rkkQdX68CRdloiTDsUh0RCvwpIkOY82Ezyv8nUqPEHf__WJ3roUR0fpIizvBnbY4Gkio_QZc1rSMDDkpCiJN02SdfBgv7PFgoAmkkXeBSVA0IITzWyKr4mYjaoWTXfERGQPbhd9iYwgmoubJg7hR929oP002t
99e9R9bIm4OumWfmucXtrDyYPhin1Gr90zTnY1PuBHd5JzL2o5bOeRM5tBbg4B1bEvRQiC2XDns6yf8ovqNaBuitmJzgNPXEDq5POCHmLs62m2RSv30NhZggXZJdR7Q7cHNxhoQxGxxViL5vkZP4ddSH02MLvEJOM7jjt3igNX5nV9jqWSXVH0z6BbSfJMaf78Wa2xASpKnHsjTzZYM05s1sGSw3XXnyEdPzmc4AK8kDwpMN3ZjMrosFBGSog0NLXbtfV9tlCL3aYPXU3OIg9LdWMJjwqtPihJT9sVshVP5UM57VDQySOTxFoHki1rcInTuqZBXv6Eh36XgzEmuOjJs9H9HMy_LToZ9dQEoThwGGDBag
J3BDF5PfmocwYsxFrOhwLeau1DEfaJJdxWQNLYghLGA9jTNAY0nd8jaZ9nm4kZzmbLnoWnxqvrzujunhAUhRrqezBXRgTsLU_e8c3rJjuRMN5l1pt1vs0vyeumR8iruCA42_HIHd94zUcOqUXxkaZyZESNgYqlJuYuMWlL4hkoNvP91gyptA5YAqkY6I0AJhq3keGPDSuuDRcTXqKqXLYcu8U0jdhi4oIl_GAcqsRoqFqS_iBvPbqtL8DeLrpB08p5I78QmcqorDw1TLQNn1g5T54_OPcwEvycxEVnfoo0rfZa0E8I3aYlRl2sjGCYbiZpZVw7GiMt09n581E5yMO5GdVrry4G8_sUt64JgoLg0HF8j3
zsL1rMUFgdUa7N55lUQ_26ZN_tYRlAssTpF0KO6Tg4b3aXLp694Lus_yty7qOXIzMK_vIuFPLrnIPJtFL8FJBfIYdRzK3YJYG44xnDwguf6gdybA0bS91SUAqkzIVL4pPaeQxtLwLIiruIaByJmuYHp_VMYTKCXXbpI_mpPAMObOXSpWJH03hxUJQjfLRauLy3jHUOKqSTRwq_din36X1buciI3byx4jdCexvj1Ldvy26UL6U8v1XCaVW4RXiZSnadVbTIEZZ6aowRbiqz8dRBfryBsWnHt0fwGu2Z2oRhIQbyIujxWkStOzey7Y9yXrtomyh8gIIIcb33GT9IoT4juyI9UueOlzesZmwx7V17YYc7Th
RRFrMDcVulob2Wl8IUY9vu3Bllv8jlrvnMF_RyXnndtddUUurqytPNNCoc8Qk7AfRGYv5sb3Wv9IXPs82eQ53eZllTl5ppS7OcYCm3FIN5ZGCNVcvfDfhzNCDz8awws2sRfboTj5DGDsZGUifHYxErSrZ0swlQogjF14yV8XtDnVvMRJS8sITObmf8BqEuccQAvuoAsxV8VbgmWG_UCDkNtl1eEWv5Jot3c7i40uvf6VnRJSDW98mV7wT_C5FmByVBaKloellh8yFF2mFWRPbszKpBO0mpbomQ50KOaiwu6oW5IpVxNPS0pcd9MwbffrpcuQhKpCf32AKpNd3j74gkiwKnWKC_G8VjM5gd9geAgWJwsT
R3tVzKwm7JQmm2gBlxBqL5u2wJa8g2IRCF92jXlhz8aJZT4tPIestUu3MgObdkZZtAzCRxq4lWK8Wz2Rjj2G9wUolx0uD0IZD_frZZBPiIIUEenyuoudCQ5X3q5ZYw143J_eqCZEk8dHyJfYvwsa9DPPxFE4jUFw8DK_axj1gv0apQzaFALDm6liZ2UUmaveST6NyjyFzcB74VlCSkw1Ve9U1JB1dIjbIEqJr1ZWg_1Boazy4V8cczKnZeIrnqJvEWFgas6WqObUlHwltpQ1hr0IFyOf5PckgKZmFv8SbIuiaLlVJul3wzBRzTvhfJXNjnDyNCVLvSwUD5lyFlMFVuQZMWd8pnT8Hxq50xDdMn52TiTu
wDYl1tchRcdtNFzcBVg_nUEwL1yikq9UXVGNBT_lovQMab5ujstlYE98PCJlHXhdlsbro2CRxTY8OGBccirJE0I9kMF2y7ce81Hw1Ihjs3xK_L7p6KrmhHpx4RHQ98OeYZS437iLLQjsnJAmpIkawRg36CWaFh8qPDQtlGg99xWp4FSqqBxcF3q1vS9LpzaPm8GZGubYEulNkqkmQ3PE9o7glaaY0YxuULohAWBEjgEo12iXILEA6dPqt7dr4UGYi8bTuEJvnJ3IwvwYe7tgP9ssUnxdsxLbjdEo3_Hd4jJWoGwaxMQMC634pfu35hPn23xcTXtzXp4bcC8OVVRSiV1y78W1mM_jmFJ2snX0IFEzWHop
qZVVsUXrrem0UuZMO1yKbT4J4uBAYQ9fZZfGwKZm_RhDMKRF7cg8a9vo8_1uBAqsifcBfAE4HOLt9EAGqP0gVzQkAFTXiMW4pXkomezTeyRayM_Axzl8eomEy8rlW9vqb4Je4VjRQ5fkGG55ny7QYIRX45aQktQeZ203XYz6VKIP1OSJdwAy1UEsDWIbH8vTO7XWnDoq7Uacq2uycOEKLW3o107snBQKCpGJcfFDv7Xbgyw13ejq9bQH_WmO_VG_EyXe37Fuidy3QVlXDVk0SXWWobRmdHruFB0Il1JjbxfpLdL2wffiBRaiMB7pWiTTWWOkZEOXV0r0ussdGDlPvZRv15EZy3ex4QNqKjSD45R6MplC
CGvxjwY5jPZFpBIDKZRbgnkVAA70CROHDnqlt6Si8Up682QfEBWduqRwY1KB0Y96n8UDOTXrvNqyt9yi5krmZBlwaJQdnIcQog2rf1ksZj2W4wSazBmkF9NHArl8AK23PC3_O1TQ1MP6426tqX5fbZgjqMkYdLv4qWZTt2QKFqGazGz3vZf5jXNBM43MbV9yb2lE_Zi3cY1EpcxM_LY9_zs5t3Th3mruhYNjjtgTh4sZMh9xiacsETv1705qeHYaSyNJqR1dUyU4nQgopgkmMC8sQUoS0HJtjvtwpGKtuVpZEndqmvEJBVtyMvuAyS8eVrSj4qPKhiA3UoRyI1hXtAYFvQwHXn9j9T5LORxgqX9U5qzS
xFLOIDdIc6Q9QePtm0U0Vn5xf_0LHn_2sRu1p7HNpjzXKQZs24Gyaq1Le8nOWaLwvnS152vOng1eXMmjPTQo4hIcMkEczGGuCzJQyUnGXkTzv463p4xpOWfJF51S4YeaBQJOpvrq9L0KQuad5QetNO73luc8jfrnA8vROCs7wpo_HaQXBsQXV_l47wD43N9n3hDMczhb7XmhhUeFnh7gKHUvWaM8dGI8cp4ON81p2ttuj3LpFHKuSKJUcsjy8N5gEAkl0UQN_HUZcfUJ9bgTXxJINVvBNfP1gDA2vVwo6uD3acw4s3j35WBU8RYt9WBOIJgB8ZhC47_IHMZoO1PMBw29KBcSHIL3x2p8ZJtR49nphlcd
opMQ9H_3Vd7b4xPTxxav_S1UVrqDjzRF1wY61zvA11p0VWO1vn3XQbHzBYAIDqeoDCEwKEjslTmrUfK39aNaYvd8Z_R4G824CeE1MDZnccnTvXOMioIzv2wabFniMeuQJ88KWdwio1kcL8EnRYaCueImW3TlJZai_gPl5rlESb97XJec4T_wJrb261XqnQ9FXJdOv83p6nSwn_HSHrx5VHPAatTA5ZkTf_aW2_EA48tsEPFXrtWk0QTEVDaNnnUGY9Odg1FBKuuyxQiZ3NZvJjDZ_ynvkZxKRkjR3BfpUQHZGPyGPvrfwDEnob9_qzfIxSd91pgmkaovDHrejWJlzE4UevCjYziqxjF03cxViMR1PkFg
sv38SKeJnfnnI3EBTcd790Zd6VhsEdOltKPz1BuitDCJb3FRUX7tpKN9XLhDnqINmkMCnXquTIBCXYJAA5TzRnzaAYyHjpVPOQ1X9JEOvcVCEx6OA11tuDc5N4nLnWy6_C2r7r7yDqj_wwA0MhcMzlNgZCMsrKOdfQeHaYAwr06cmhV3gAzhwrDIRIBNjcdALAjU48FylSv7cIoTOo6VGQIj21xe2agzeHov9jDoodlrNeaxP4wEORg4l6TJEQgX677Xi833qPgf5u32QVBVNJ4woDV38dW1HNuq_ECitwslSCqoCV7A0BTAwt7BXwbdZPgsaziETT2Zp4jemWGuAy6WRVXCBqm3Z6YAAcNa2_L27MfY
AADcFydwjZ6_5BSTUp0afqCjJev4nowXlEet5RR7d2AjvizE_hcMkykAGE4n7J57DRXKbbG4TSJzFFvuOu2OJ5xTlC77v1b3w9X87hYIK3peuudhdgTWg_bxI5cAFyPmGxJKVl5ZQUcrNTFrVvp3Oro1Rw1DGeVgv8exQtM_7d5_5n5r4mObxOP9ZM1jB_0IWnzaLqQPawEiICaC5dT2nwosVkQRjMNpVML5HLRts6FjUdRU61kyrHiQgFRfxq4k4IoVrfZtUoPvfixHrNtfHr9gaG4FrQnahyySUY9ukT2jH4Q_J1nPjbOH6HHKZqmBhTJTwKNoy9tr5idEWpesj0pzRKwZLHEem8pG662j8Qd3yWGq
sHyGQK2bf0B7AQTFeUruYqDGssc3Ip7fJ68E6qpiJHtqvZNP8gHnn7w_weOZeDplG1_f_XoPeuWJ_4G9theeLlEo0KM7Z6m_9PSFMb4SDjnJXknSHxmHb6q6fOMj1HGzxyjRHg2UHVa8gk3Xu8pNNfJ9gZfiVvPPip8sFpChMyVrEyO_lZfyqHzs6u1pCB2A4oASVsSIHTHHmZcAKyWL9954XybowOdZGDgAPDa_CM9oXIyf4_7Hzg32PUWiTe_z9agFwEV4X6UlIzFMrNel03obIddti7VDQr9jftbpt2H66t5XwPNANj5HV7OkC2JAptLfMgeKtMkhHTfpnJcmf6b3FasCKd0FJokelP1InBR_XVw4
nuHa9oXqbh_9PjNzD8319jasAhDWMIydK_GmcM1npLhcwppf0m_YutAci7lxbIAAwj9NA5iSGziQGtOizIK_oZmlBadO1ZtH4UphyLQz9hCjScdsmukd0ijxGpoZ8Erv8b7GTSZPFBCzHzUtLK4iBpTsdu13hkL9Vf6mqT1KhxcSOWtAZnrzsKiEqFlAvwY2VKakk8aJ9yumUjNTytk4dLigo13Anz98VyvnLZy2O6B4JRUBHzpAkjiSblGiof1kgN_Lz8OL9NI7g0cOtLiI_mjl6uEfa8H6K_XcWWzhiBzGZEtpPD_QIKNYljzFDxFQDXTBJ4dMHnwX5tgeuxTRFFr9cSaJs6ezgvzCGy7kh8jsLf1W
gYzEN0xg8O38WzQbQvX4owTKa2vK7LOcPkMY1UUhm4_y8xEVtzgGTLg4MxUnfQ89EyGW3onJt6Tirl2d8BK7hbjjAueyFTS0IkxNd4J3oFBLjlDnGwUjLFv2EHyeNy4bpyPXrhakioQBVq18j7aGc96WmXD9hY7FbnLpceKhQ64breoExrKob1NFYFsE1XXy26IA6puelnX2eqqf3XtdnLs51WCkgX7dyDHsrAsNAiUnD7YmsgaF3ZJwwWmw7MUCiwxDsgwnKmrbMMmQWtpmKYAg4hFESsD6O_nJwSdbi1IaTedGHLJ_rlbRt3JK1M6xMqrW0at0szeNlx6atPeYz_iMzYFN1MQBTihquhJ0RAzWJJBv
S5d7HM_KS0wAlK1ARK0HSQESACmAMem8aIjhD4xTbS9k0FVWi5qBuA3cgJzU4rsR3Apsjcq_hqfuvmofCIVsxCy6yBOjHw1KNTAR8eJJLLvoz4tkyLkqIXmOtG3kmhcLgXntrIQffJHdg2xPtZ5okJj9SxuUCjyOZ7v8vlcaWPX62DMh0hN93u9Zd_GrOqlZeWjrZGYfgvON4bXWmV5rPsXdzphqa34eg64wfBwm3j7vI3CVOPwFZi07FXkTmPYCKH1XI1knSP8J8l5WNThE5gVPco5924X27OauzelanebgK0GqbXu77B6lPgODCd1U32Pm2SoTW2VYK1eXTRKwne4AKLtw6NJkp1Fk30gvDlo8MhJF
kl8hv_8OgCY_nIvrsVMxWQguQF9RXvgQvkW8cqOruJBftEKYRpQ7SRxAb7XomlQ9isu8jRskqRghpqzdTwAz41AwEAeVLq7o3sC0QjicqYQlKKUcmPRNlcz_n75ncZUcFvnvJ1ioSNTFOu2S9ZjM7Uw9bOzOt6c5SE7MMHt0ze_A3ZAXkJUjXdHDZW3FTNRdUSmDrOd0KH6cYsVq7P2EXMbGw5ikWk5Mi1mj3doLdDLpUgM0QfS6dVU8YtT7Yo5f3QvTC40daounsr4fjK6jYHOl6acfMfF8orKHcc3SsPTBAOGVoCj_W55mDpW8fGOQgR6LEq3KkAUy6_tiACwHS4Nz8kynD8LqpZtTqG4gEDKTaLBD
4IrJdDDB6SGYwysIv8rQ_4wOXPQNynYfZsyWcmwK9MQVUXm7wY8EZ_ejhWu7nGtJ91GTB80sYVS_aC6v6vFc4tDzNX8KJ6NlaYwPc3q_K4vkbDGF0SLlDn6F5g8q3dNDE1zSvvz7a539NOJKxYimBiPWNzdNZQEhGwi4cc8NTHNz1s28LSirgZwGeQWbajr72nvzbeBX2AtKTnLtmLKxtYUdETM0EUGt40zhx41W0CC8mK_YeMZAxKnfXF53IM3Q17bP4mJiQ3t5UHEwKbZ6MpnhlPSi1ap0uoBpxu6GgPA5oj6TmBKPqO5tPPr0DLvOpZpniAL_LATk57tqiGovqL02CLbMlREfO1EAACkMOAyAehF3
XVew2ZHUEwqs5BullyGbgT5NrRW9CfzzsFLSFeBrVXGOPjKusRQHiTVypSpUSNPzTdNOfwhYGwNTkFz7Xe6m5jqqkYscjbvxYrydP63xC99QxfrkS_WVXzGGgeBxSHQ_U5p1Cu96SYEWKpYLb4Ure6zj7_rlVpAuf9XbPrBEc_uRihhXv7h2RHSFtYE9hE0A6vDINreV5I6Rz0Q7b4AlFKVARCY7BYhSq45RoxfGhqB3p2ivwodsLjCm1ExvRGKUVCUnSwS8eRrq8kDgcX5L9udulC_qQFWtNDg20xAH0NMujthmJ3Ab6VoygzdxhkVmDHsFHB5A5HcYOXSvpR9LUlQ7xM5bU9HTuARRyDY2QMIRUDmg
ipAElJNUUipHYE7d9F5RNOz3gWgPQrYNEZogDgq4oEb58ZgLAlYIBYudVBwTFzqzKLHRmTS7TzlEgs05aODGoy9xYT_1uzDYVggixfHUTaPELUo8GUtdQfqt7o0smsz_zMSVE8WbMzKhMMECUSAFiq3CdT1B3vU1oGly5Vm3Cpz4yPL7JxVontWEdz6Q4FKOnm1lupXrpPS4rmtw9dLY3CE_DKvYAjoAjwJeUqfYVtCW1tZhj0WL8NVwxaKuV9uu08vosvBc83qVZO92NlYHGybuFUZmJ2JSb3A8xNk_ejYgafWFz9lykL3IQvPC7K0V0TJ3rRtNSc2Wxxzu0xq7HTQ26JExTYk0i_nUDlO7RJaO7j_v
vlROBlgWNjF_CAtQz3nZ1qIiCoS4_YUalLh8Y4xQpnUTfs4r1DMUNkXANx_Up7iT9G8t9vYIidxxhCIICJ8eQDfVBsvSAY6Neb_1so8PNdLIC_GM6fhwZGsy4kWlABeSglvkRZso80JLIquVMELG3vfKaQ8QsKapIh_zynI1ouYP3ahXYO9YYP9frgvzigRkkN9jaYDrTLTxw3wEMm0YT9HDpwnl4uI2QnSuwZaiLQQM4lOl2zGfM9qzbDFbC2dlwFOp5zzMWz7BfJThF4C_0CAxveiSuq3S0NLo5HJ_RMuyUa4sMd9ZgAJYC6nfDkhcFy0DVFr_Z2MB7JPXjviIDlJxF6FjgYpM8c5Jtqemy0D_3Ou0
GTb_VdxxR2jzSZBHmNO1LIsz2iHXJy6xvvvNbYRymbXR0z4DkBjm3Bk27mdssCXqRsyh8QvmPETBhiR0S8JE7XT44qUlMQoMtQ0gaf2hxVJHdK2GGidgGuuXJH28r9wOJingMkS0beENAucDmAm5lFy_e5qT60NsQiGTWUxzvOAmTDSVAP49X88cJndAGrVTibZTM2BGKWROD4VlN4ziAOKVdqtcXHevYqCpfySAzZZWNEXa2ENY7ijsnPWCN9W2tUq4zG33y0vADHgKoZnsGfjfXzBk6MDjYpn46SxAg1iTzF3ynJnkR_mgm9o9YCgMXeZXmpxRY4KNdolRCt_7f3tb7a0uh4XgdSOyI0yeaGQwih4A
NtEzaVqxrRODistIDUTo8XcdCvbogsTyBPy6nULVLjplYhP0tHMuqoH8ma95WLmBqdLT_YanW6NMy7hqNhIyWESHFG62aMts8k7SdpRuuu36ct6IOQosK2L8ztcbtQ7NyAv1vJZVb3omkVYCqYZOUX38OgAC2G7osXxQVPDxhwBpVxZCHJcLyfcRQ1yvShVXN2vgvO_UezlLzpROoemh_3MCLZF1PGWPGJQnggwNL_m7v8UVnTzhKCI5VVbmRDTwaDlx8cKRBbqGI72EMUp3ZjgiTmBN1N9PlRcjYfzAZWE0SCvcLVXneXCAJu2ZmEhTt2ak3GHTo7wPRH4XhRV2ODjqs3r2RaueDwaW9ZI2jSeQuJSK
CTu4QMpLPvS5lFeRRvqaN4S_TD1alr5UOQ1496Cm1Y5el2RRobKTh_9XiO0SuyxYC6oqwQqwYibh51AxX4___vbTfcqlfZ1La7Nx4QmiT16qbeQZ6_cH3VaoqLjuEbT4h53sr_VRJRrBZ0AR45yBJy7RCXnNl6n2xgWeI7bNON0Zwm27BsdIX9NDtclCN7kis9lHi7JkXjWVMErrtkUedPucjSWwm519wVN4evje8tuc_AHCMeBUbMDNr_xNvuO1Lp7Ejnb2DUT46zYRTABnC4xNW0Yi7hHSfM2AIDJ_ySEjAVg9AO8iOMY5Dd7tm5pozhdp7s3QKml2wu6ChUOQX_0KcKxfI2MgDvm3HtSKLQEO2tLH
tiPAEdPvazmL_SEfmt5ek8ZLSFnkelqOZa1YrqoCZm1BQJXecleVHnQuzUR2kGc0X5jbxfcU1QBCySl5fpnqUw9Brs8yaBY3WvQsTBKetZ5Hej45md1eSxX6BXUsSjp4j82aXtXirHUgZtT6LOZF_qUrJ76UDGxhF7J8vfac97QMA3kjAceNc8OaVxkslI2_XTn2c7TxWsAuSFD2TPtHPH6RCGTd67nSY8zvdY6mWCMC7Uu2irxBW0vKt9nb8tF1Q2vTImPZA13HuGqFePqRkuTAr7Z4rAMjNzkVW_Z3yUjEvvuQbgbTAYQyehh5FE5T2RoRip5a2pEIAp6wVJmmmafNeBi3f6qaLNpM8gezWqnmwwVA
OpYFjdryrrlzUzSAVvxgeHUCmsJIfnOkByLkCBv7wB6elDe0CRRnXsu4gvkk8qgSck_WARuUJbxgtDYBJhwCSp61dTfuWAVEyiGKkCSuMHvoC3AJW7I1wAkAoS3oIKOnamI8c8X7AV1TXDBVt4ocFfO3KXcychGvTDf3UzuNYOYjhbugBQzQefc1mh2uOAcHjGNyxu1mWSlg6Bnz_fSRtjscXv2P4gA6wBpshOoWYdqilFe30oJBTTXxFiwUjHETVAnVAA6FDHbzpgOkaFDAQOE8vYTeOx5oDcqJj3PhLIDxMnSlLPsQGdPsFTtOKsvf1BNC_jB0F3rsZPW0e5yioSOAtFIVzNw55M7tky54aUfyRajW
nShZCgzDgIxdl_7LBIaBp0sAYdWAs_TbACcNjhBUayrcLs5FUuohxFFhjrbR4CLonraLmU67AJempGbtW3SkUd7C6LFrpcKIFpT9GxQc7qhhOlvxM1iVnZZTLf0TAwQqG_TaU5duWXDMVQtIVKVQXhF74pQ2loXmrKrqYknz5sTPW4dvpfwIJmMxQpGJCcyRhuuSmU2ZHKFfaZXHmAuO3OfnnFOTh924FNUDL_Q3p09OvImkFpkmY4LlU3Zm1piHDiA1arV5yrCtlECP4nRkR1_1_AtG42UWb2KsbXd178OYLVwmKqWOAwA4bvLeobiNrl0LMQm3jjgWiI3h8cp6OEfwxkzLU8e1JgmhDFYh9TZ4N6ol